// Jest Snapshot v1, https://goo.gl/fbAQLP

exports[`Topic Page SEO should correctly render linked data 1`] = `
Array [
  Object {
    "@context": "http://schema.org",
    "@graph": Array [
      Object {
        "@type": "CollectionPage",
        "headline": "Donald Trump",
        "image": Object {
          "@type": "ImageObject",
          "height": 576,
          "url": "https://news.files.bbci.co.uk/ws/img/logos/og/pidgin.png",
          "width": 1024,
        },
        "inLanguage": Object {
          "@type": "Language",
          "alternateName": "pcm",
          "name": "Nigerian Pidgin",
        },
        "mainEntityOfPage": Object {
          "@id": "https://www.test.bbc.com/news/articles/c0g992jmmkko",
          "@type": "WebPage",
          "name": "Donald Trump",
        },
        "publisher": Object {
          "@type": "NewsMediaOrganization",
          "logo": Object {
            "@type": "ImageObject",
            "height": 576,
            "url": "https://news.files.bbci.co.uk/ws/img/logos/og/pidgin.png",
            "width": 1024,
          },
          "name": "BBC News Pidgin",
          "publishingPrinciples": "https://www.bbc.com/pidgin/institutional-48528766",
        },
        "thumbnailUrl": "https://news.files.bbci.co.uk/ws/img/logos/og/pidgin.png",
        "url": "https://www.test.bbc.com/news/articles/c0g992jmmkko",
      },
      Object {
        "@type": "article",
        "dateCreated": "2022-02-21T15:32:39.000Z",
        "headline": "Trump social-media platform don go live",
        "name": "Trump social-media platform don go live",
        "url": "https://www.bbc.com/pidgin/world-60465144",
      },
      Object {
        "@type": "article",
        "dateCreated": "2022-01-06T19:00:29.000Z",
        "headline": "Wetin happun for January 6 one year ago?",
        "name": "Wetin happun for January 6 one year ago?",
        "url": "https://www.bbc.com/pidgin/tori-59901959",
      },
      Object {
        "@type": "article",
        "dateCreated": "2021-06-08T07:41:51.000Z",
        "headline": "Why Donald Trump say Bitcoin na scam",
        "name": "Why Donald Trump say Bitcoin na scam",
        "url": "https://www.bbc.com/pidgin/tori-57396574",
      },
      Object {
        "@type": "article",
        "dateCreated": "2021-05-05T09:12:36.000Z",
        "headline": "Wetin be dis new 'website' wey Donald Trump launch?",
        "name": "Wetin be dis new 'website' wey Donald Trump launch?",
        "url": "https://www.bbc.com/pidgin/tori-56991816",
      },
    ],
  },
]
`;
